
   FAIL  Tests\Feature\EndToEndWorkflowTest
  Γ¿» admin can login and create customer                                                                          1.03s  
  Γ£ô users can login                                                                                              0.62s  
  Γ¿» complete sample lifecycle                                                                                    0.38s  
  ΓöÇΓöÇΓöÇΓöÇΓöÇΓöÇΓöÇΓöÇΓöÇΓöÇΓöÇΓöÇΓöÇΓöÇΓöÇΓöÇΓöÇΓöÇΓöÇΓöÇΓöÇΓöÇΓöÇΓöÇΓöÇΓöÇΓöÇΓöÇΓöÇΓöÇΓöÇΓöÇΓöÇΓöÇΓöÇΓöÇΓöÇΓöÇΓöÇΓöÇΓöÇΓöÇΓöÇΓöÇΓöÇΓöÇΓöÇΓöÇΓöÇΓöÇΓöÇΓöÇΓöÇΓöÇΓöÇΓöÇΓöÇΓöÇΓöÇΓöÇΓöÇΓöÇΓöÇΓöÇΓöÇΓöÇΓöÇΓöÇΓöÇΓöÇΓöÇΓöÇΓöÇΓöÇΓöÇΓöÇΓöÇΓöÇΓöÇΓöÇΓöÇΓöÇΓöÇΓöÇΓöÇΓöÇΓöÇΓöÇΓöÇΓöÇΓöÇΓöÇΓöÇΓöÇΓöÇΓöÇΓöÇΓöÇΓöÇΓöÇΓöÇΓöÇΓöÇΓöÇΓöÇΓöÇΓöÇΓöÇΓöÇΓöÇΓöÇΓöÇΓöÇΓöÇΓöÇΓöÇ  
   FAILED  Tests\Feature\EndToEndWorkflowTest > admin can login and create customer                    QueryException   
  SQLSTATE[42S02]: Base table or view not found: 1146 Table 'lims.m05_states' doesn't exist (Connection: mysql, SQL: select `m05_state_id` from `m05_states` where `m05_country_id` = 1 limit 1)

  at vendor\laravel\framework\src\Illuminate\Database\Connection.php:822
    818Γûò                     $this->getName(), $query, $this->prepareBindings($bindings), $e
    819Γûò                 );
    820Γûò             }
    821Γûò 
  Γ₧£ 822Γûò             throw new QueryException(
    823Γûò                 $this->getName(), $query, $this->prepareBindings($bindings), $e
    824Γûò             );
    825Γûò         }
    826Γûò     }

  1   vendor\laravel\framework\src\Illuminate\Database\Connection.php:822

  2   vendor\laravel\framework\src\Illuminate\Database\Connection.php:404
      NunoMaduro\Collision\Exceptions\TestException::("SQLSTATE[42S02]: Base table or view not found: 1146 Table 'lims.m05_states' doesn't exist")

  ΓöÇΓöÇΓöÇΓöÇΓöÇΓöÇΓöÇΓöÇΓöÇΓöÇΓöÇΓöÇΓöÇΓöÇΓöÇΓöÇΓöÇΓöÇΓöÇΓöÇΓöÇΓöÇΓöÇΓöÇΓöÇΓöÇΓöÇΓöÇΓöÇΓöÇΓöÇΓöÇΓöÇΓöÇΓöÇΓöÇΓöÇΓöÇΓöÇΓöÇΓöÇΓöÇΓöÇΓöÇΓöÇΓöÇΓöÇΓöÇΓöÇΓöÇΓöÇΓöÇΓöÇΓöÇΓöÇΓöÇΓöÇΓöÇΓöÇΓöÇΓöÇΓöÇΓöÇΓöÇΓöÇΓöÇΓöÇΓöÇΓöÇΓöÇΓöÇΓöÇΓöÇΓöÇΓöÇΓöÇΓöÇΓöÇΓöÇΓöÇΓöÇΓöÇΓöÇΓöÇΓöÇΓöÇΓöÇΓöÇΓöÇΓöÇΓöÇΓöÇΓöÇΓöÇΓöÇΓöÇΓöÇΓöÇΓöÇΓöÇΓöÇΓöÇΓöÇΓöÇΓöÇΓöÇΓöÇΓöÇΓöÇΓöÇΓöÇΓöÇΓöÇΓöÇΓöÇΓöÇ  
   FAILED  Tests\Feature\EndToEndWorkflowTest > complete sample lifecycle                        AssertionFailedError   
  Registration Logic Failed: Sample Registration Failed! SQLSTATE[23000]: Integrity constraint violation: 1048 Column 'tr04_test_type' cannot be null (Connection: mysql, SQL: insert into `tr04_sample_registrations` (`m04_ro_id`, `tr04_reference_id`, `tr04_tracker_id`, `m09_customer_type_id`, `m07_customer_id`, `m08_customer_location_id`, `m07_buyer_id`, `m08_buyer_location_id`, `m07_third_party_id`, `m08_third_party_location_id`, `m07_cha_id`, `m08_cha_location_id`, `tr04_payment_by`, `tr04_report_to`, `tr04_reference_no`, `tr04_reference_date`, `tr04_received_via`, `tr04_details`, `m13_department_id`, `m14_lab_sample_id`, `tr04_sample_type`, `tr04_number_of_samples`, `tr04_sample_description`, `tr04_be_no`, `m19_package_id`, `tr04_charge_type`, `m12_test_ids`, `tr04_testing_charges`, `tr04_additional_charges`, `tr04_total_charges`, `tr04_expected_date`, `tr04_test_type`, `tr04_progress`, `tr04_created_by`, `updated_at`, `created_at`) values (1, 01110125260033, 9F2D01, 1, 1, 0, ?, ?, ?, ?, ?, ?, Customer, ["Customer"], REF-1769505670, 2026-01-27, Courier, ?, 1, 1, Normal, 1, Test Sample Payload, ?, ?, ?, [{"test_id":1,"test_number":1000,"standard_id":1}], 100, ?, 100, 2026-02-03, ?, REGISTERED, 1, 2026-01-27 14:51:10, 2026-01-27 14:51:10))

  at tests\Feature\EndToEndWorkflowTest.php:177
    173Γûò         if (session('errors')) {
    174Γûò             $this->fail("Registration Validation Failed: " . implode(', ', session('errors')->all()));
    175Γûò         }
    176Γûò         if (session('type') == 'error') {
  Γ₧£ 177Γûò             $this->fail("Registration Logic Failed: " . session('message'));
    178Γûò         }
    179Γûò         $response->assertStatus(302);
    180Γûò         // Expect success
    181Γûò         $response->assertSessionHas('type', 'success');

  1   tests\Feature\EndToEndWorkflowTest.php:177


  Tests:    2 failed, 1 passed (6 assertions)
  Duration: 2.18s

